
> react-example@0.0.0 test
> vitest run


 RUN  v4.1.9 C:/Users/jorda/Documents/workspace/devos

node.exe : (node:46148) [DEP0187] DeprecationWarning: Passing invalid argument types to fs.existsSync is deprecated
At line:1 char:1
+ & "C:\Program Files\nodejs/node.exe" "C:\Program Files\nodejs/node_mo ...
+ ~~~~~~~~~~~~~~~~~~~~~~~~~~~~~~~~~~~~~~~~~~~~~~~~~~~~~~~~~~~~~~~~~~~~~
    + CategoryInfo          : NotSpecified: ((node:46148) [D...c is deprecated:String) [], RemoteException
    + FullyQualifiedErrorId : NativeCommandError
 
(Use `node --trace-deprecation ...` to show where the warning was created)
(node:10828) [DEP0190] DeprecationWarning: Passing args to a child process with shell option true can lead to security vulnerabilities, as the 
arguments are not escaped, only concatenated.
(Use `node --trace-deprecation ...` to show where the warning was created)

 Test Files  22 passed (22)
      Tests  391 passed (391)
   Start at  18:38:36
   Duration  4.12s (transform 1.15s, setup 3.75s, import 5.46s, tests 6.24s, environment 53.87s)

